// Jest Snapshot v1, https://goo.gl/fbAQLP

exports[`Login Login snapchot 1`] = `
Object {
  "asFragment": [Function],
  "baseElement": <body>
    <div>
      <div
        class="wrap"
      >
        <div
          class="overlay"
        >
          <div
            class="lds_spinner"
          >
            <div />
            <div />
            <div />
            <div />
            <div />
            <div />
            <div />
            <div />
            <div />
            <div />
            <div />
            <div />
          </div>
        </div>
        <form
          class="form"
        >
          <h2
            class="form__title"
            data-testid="title"
          >
            Sing in
          </h2>
          <div
            class="input"
          >
            <label
              for="email"
            >
              Email
              : 
            </label>
            <input
              id="email"
              name="email"
              placeholder="Enter you email"
              type="email"
            />
          </div>
          <div
            class="input"
          >
            <label
              for="password"
            >
              Password
              : 
            </label>
            <input
              id="password"
              name="password"
              placeholder="Enter you password"
              type="password"
            />
          </div>
          <div
            class="form__btn"
          >
            <button
              class="btn"
              data-testid="btn"
              type="submit"
            >
              Sing in
            </button>
            <a
              class="link"
              href="/register"
            >
              Sing Up
            </a>
          </div>
        </form>
      </div>
    </div>
  </body>,
  "container": <div>
    <div
      class="wrap"
    >
      <div
        class="overlay"
      >
        <div
          class="lds_spinner"
        >
          <div />
          <div />
          <div />
          <div />
          <div />
          <div />
          <div />
          <div />
          <div />
          <div />
          <div />
          <div />
        </div>
      </div>
      <form
        class="form"
      >
        <h2
          class="form__title"
          data-testid="title"
        >
          Sing in
        </h2>
        <div
          class="input"
        >
          <label
            for="email"
          >
            Email
            : 
          </label>
          <input
            id="email"
            name="email"
            placeholder="Enter you email"
            type="email"
          />
        </div>
        <div
          class="input"
        >
          <label
            for="password"
          >
            Password
            : 
          </label>
          <input
            id="password"
            name="password"
            placeholder="Enter you password"
            type="password"
          />
        </div>
        <div
          class="form__btn"
        >
          <button
            class="btn"
            data-testid="btn"
            type="submit"
          >
            Sing in
          </button>
          <a
            class="link"
            href="/register"
          >
            Sing Up
          </a>
        </div>
      </form>
    </div>
  </div>,
  "debug": [Function],
  "findAllByAltText": [Function],
  "findAllByDisplayValue": [Function],
  "findAllByLabelText": [Function],
  "findAllByPlaceholderText": [Function],
  "findAllByRole": [Function],
  "findAllByTestId": [Function],
  "findAllByText": [Function],
  "findAllByTitle": [Function],
  "findByAltText": [Function],
  "findByDisplayValue": [Function],
  "findByLabelText": [Function],
  "findByPlaceholderText": [Function],
  "findByRole": [Function],
  "findByTestId": [Function],
  "findByText": [Function],
  "findByTitle": [Function],
  "getAllByAltText": [Function],
  "getAllByDisplayValue": [Function],
  "getAllByLabelText": [Function],
  "getAllByPlaceholderText": [Function],
  "getAllByRole": [Function],
  "getAllByTestId": [Function],
  "getAllByText": [Function],
  "getAllByTitle": [Function],
  "getByAltText": [Function],
  "getByDisplayValue": [Function],
  "getByLabelText": [Function],
  "getByPlaceholderText": [Function],
  "getByRole": [Function],
  "getByTestId": [Function],
  "getByText": [Function],
  "getByTitle": [Function],
  "queryAllByAltText": [Function],
  "queryAllByDisplayValue": [Function],
  "queryAllByLabelText": [Function],
  "queryAllByPlaceholderText": [Function],
  "queryAllByRole": [Function],
  "queryAllByTestId": [Function],
  "queryAllByText": [Function],
  "queryAllByTitle": [Function],
  "queryByAltText": [Function],
  "queryByDisplayValue": [Function],
  "queryByLabelText": [Function],
  "queryByPlaceholderText": [Function],
  "queryByRole": [Function],
  "queryByTestId": [Function],
  "queryByText": [Function],
  "queryByTitle": [Function],
  "rerender": [Function],
  "unmount": [Function],
}
`;
